// Jest Snapshot v1, https://goo.gl/fbAQLP

exports[`bin/sync with instance it can return JSON 1`] = `
Object {
  "exports": Array [],
  "groups": Array [],
  "properties": Object {
    "email": Object {
      "confirmedAt": Any<String>,
      "createdAt": Any<String>,
      "directlyMapped": false,
      "id": Any<String>,
      "identifying": false,
      "isArray": false,
      "startedAt": null,
      "state": "ready",
      "stateChangedAt": Any<String>,
      "type": "email",
      "unique": true,
      "updatedAt": Any<String>,
      "valueChangedAt": Any<String>,
      "values": Array [
        "mario@example.com",
      ],
    },
    "firstName": Object {
      "confirmedAt": Any<String>,
      "createdAt": Any<String>,
      "directlyMapped": false,
      "id": Any<String>,
      "identifying": false,
      "isArray": false,
      "startedAt": null,
      "state": "ready",
      "stateChangedAt": Any<String>,
      "type": "string",
      "unique": false,
      "updatedAt": Any<String>,
      "valueChangedAt": Any<String>,
      "values": Array [
        "Mario",
      ],
    },
    "isVIP": Object {
      "confirmedAt": Any<String>,
      "createdAt": Any<String>,
      "directlyMapped": false,
      "id": Any<String>,
      "identifying": false,
      "isArray": false,
      "startedAt": null,
      "state": "ready",
      "stateChangedAt": Any<String>,
      "type": "boolean",
      "unique": false,
      "updatedAt": Any<String>,
      "valueChangedAt": Any<String>,
      "values": Array [
        true,
      ],
    },
    "lastLoginAt": Object {
      "confirmedAt": Any<String>,
      "createdAt": Any<String>,
      "directlyMapped": false,
      "id": Any<String>,
      "identifying": false,
      "isArray": false,
      "startedAt": null,
      "state": "ready",
      "stateChangedAt": Any<String>,
      "type": "date",
      "unique": false,
      "updatedAt": Any<String>,
      "valueChangedAt": Any<String>,
      "values": Array [
        "1970-01-01T00:00:00.000Z",
      ],
    },
    "lastName": Object {
      "confirmedAt": Any<String>,
      "createdAt": Any<String>,
      "directlyMapped": false,
      "id": Any<String>,
      "identifying": false,
      "isArray": false,
      "startedAt": null,
      "state": "ready",
      "stateChangedAt": Any<String>,
      "type": "string",
      "unique": false,
      "updatedAt": Any<String>,
      "valueChangedAt": Any<String>,
      "values": Array [
        "Mario",
      ],
    },
    "ltv": Object {
      "confirmedAt": Any<String>,
      "createdAt": Any<String>,
      "directlyMapped": false,
      "id": Any<String>,
      "identifying": false,
      "isArray": false,
      "startedAt": null,
      "state": "ready",
      "stateChangedAt": Any<String>,
      "type": "float",
      "unique": false,
      "updatedAt": Any<String>,
      "valueChangedAt": Any<String>,
      "values": Array [
        100,
      ],
    },
    "purchaseAmounts": Object {
      "confirmedAt": Any<String>,
      "createdAt": Any<String>,
      "directlyMapped": false,
      "id": Any<String>,
      "identifying": false,
      "isArray": true,
      "startedAt": null,
      "state": "ready",
      "stateChangedAt": Any<String>,
      "type": "float",
      "unique": false,
      "updatedAt": Any<String>,
      "valueChangedAt": Any<String>,
      "values": Array [
        100,
        200,
      ],
    },
    "purchases": Object {
      "confirmedAt": Any<String>,
      "createdAt": Any<String>,
      "directlyMapped": false,
      "id": Any<String>,
      "identifying": false,
      "isArray": true,
      "startedAt": null,
      "state": "ready",
      "stateChangedAt": Any<String>,
      "type": "string",
      "unique": false,
      "updatedAt": Any<String>,
      "valueChangedAt": Any<String>,
      "values": Array [
        "hat",
        "mushroom",
      ],
    },
    "userId": Object {
      "confirmedAt": Any<String>,
      "createdAt": Any<String>,
      "directlyMapped": true,
      "id": Any<String>,
      "identifying": true,
      "isArray": false,
      "startedAt": null,
      "state": "ready",
      "stateChangedAt": Any<String>,
      "type": "integer",
      "unique": true,
      "updatedAt": Any<String>,
      "valueChangedAt": Any<String>,
      "values": Array [
        100,
      ],
    },
  },
}
`;
